// Jest Snapshot v1, https://goo.gl/fbAQLP

exports[`UndergraduateSubnavigation renders as expected 1`] = `
<DocumentFragment>
  <nav
    aria-label="Subnavigation Courses"
    class="c-subnav is-hidden@medium is-hidden@small-"
  >
    <ul
      class="c-subnav__list"
    >
      <li
        class="c-subnav__item c-subnav__title"
      >
        <a
          href="https://www.york.ac.uk/study/undergraduate/courses-2021/"
        >
          Courses 2021/22
        </a>
      </li>
      <li
        class="c-subnav__item"
      >
        <a
          href="https://www.york.ac.uk/study/undergraduate/courses/all"
        >
          All courses
        </a>
      </li>
      <li
        class="c-subnav__item"
      >
        <a
          href="https://www.york.ac.uk/study/undergraduate/courses-2021/teaching-learning/"
        >
          Teaching and learning
        </a>
      </li>
      <li
        class="c-subnav__item"
      >
        <a
          href="https://www.york.ac.uk/study/international/applying/pathways/"
        >
          International foundation programme
        </a>
      </li>
      <li
        class="c-subnav__item"
      >
        <a
          href="https://www.york.ac.uk/about/term-dates/"
        >
          Term dates
        </a>
      </li>
    </ul>
  </nav>
  <nav
    aria-label="Subnavigation Other Sections"
    class="c-subnav is-hidden@medium-"
  >
    <ul
      class="c-subnav__list c-subnav__list--structural"
    >
      <li
        class="c-subnav__title c-subnav__item"
      >
        <span
          class="c-subnav__link"
        >
          Other sections
        </span>
      </li>
      <li
        class="c-subnav__item"
      >
        <a
          href="https://www.york.ac.uk/study/undergraduate/courses/"
        >
          Courses
        </a>
      </li>
      <li
        class="c-subnav__item"
      >
        <a
          href="https://www.york.ac.uk/study/undergraduate/applying/"
        >
          Applying
        </a>
      </li>
      <li
        class="c-subnav__item"
      >
        <a
          href="https://www.york.ac.uk/study/undergraduate/visits/"
        >
          Visit us
        </a>
      </li>
      <li
        class="c-subnav__item"
      >
        <a
          href="https://www.york.ac.uk/study/undergraduate/fees-funding/"
        >
          Fees and funding
        </a>
      </li>
      <li
        class="c-subnav__item"
      >
        <a
          href="https://www.york.ac.uk/study/accommodation/undergraduate/"
        >
          Accommodation
        </a>
      </li>
      <li
        class="c-subnav__item"
      >
        <a
          href="https://www.york.ac.uk/study/student-life/"
        >
          Student life
        </a>
      </li>
      <li
        class="c-subnav__item"
      >
        <a
          href="https://www.york.ac.uk/study/undergraduate/careers-skills/"
        >
          Careers and skills
        </a>
      </li>
      <li
        class="c-subnav__item"
      >
        <a
          href="https://www.york.ac.uk/study/undergraduate/study-abroad/"
        >
          Study abroad
        </a>
      </li>
      <li
        class="c-subnav__item"
      >
        <a
          href="https://www.york.ac.uk/study/international/"
        >
          International students
        </a>
      </li>
      <li
        class="c-subnav__item"
      >
        <a
          href="https://www.york.ac.uk/study/undergraduate/prospectus/"
        >
          Prospectus
        </a>
      </li>
      <li
        class="c-subnav__item"
      >
        <a
          href="https://www.york.ac.uk/schools-and-colleges/"
        >
          Schools and colleges
        </a>
      </li>
      <li
        class="c-subnav__item"
      >
        <a
          href="https://www.york.ac.uk/study/undergraduate/why-york/"
        >
          Why York?
        </a>
      </li>
    </ul>
  </nav>
</DocumentFragment>
`;
